// Jest Snapshot v1, https://goo.gl/fbAQLP

exports[`<RoadmapStatus /> renders with correct data and matches snapshot 1`] = `
<div>
  <article
    class="roadmap-status-panel bg-white rounded-10 w-full md:w-1/2 lg:w-full p-5 md:ml-2.5 lg:ml-0"
  >
    <h2
      class="text-indigo-800 text-lg inline-block mb-5"
    >
      Roadmap
    </h2>
    <a
      class="float-right text-blue-900 text-sm font-semibold underline mt-1"
      href="/roadmap"
    >
      View
    </a>
    <dl
      class="flex flex-wrap items-baseline text-indigo-500"
    >
      <dt
        class="title planned basis-3/4"
      >
        Planned
      </dt>
      <dd
        class="font-bold basis-1/4 text-right"
      >
        2
      </dd>
      <dt
        class="title in-progress basis-3/4"
      >
        In Progress
      </dt>
      <dd
        class="font-bold basis-1/4 text-right"
      >
        3
      </dd>
      <dt
        class="title live basis-3/4"
      >
        Live
      </dt>
      <dd
        class="font-bold basis-1/4 text-right"
      >
        1
      </dd>
    </dl>
  </article>
</div>
`;
